##############  
#  beam-8  #
##############

reset
#1) Create a Cylinder: volume 1
brick x 8 y 1 z 1

#2) Make the entire holed-cylinder into a block.
block 1 volume 1

#3) Choose element type hex8 for the block created
block 1 element type hex8 

#4) 8-elem mesh maker
volume 1 size 1

#5) Mesh the volume created
mesh volume 1

#5.1) Mesh refinement
#refine volume 1 numsplit 1 bias 1.0 depth 1 smooth 

#5.2) Hex27 Meshes if needed
block 1 element type hex27

#6) Specifiy nodesets for boundary
nodeset 999 surface 4 #left
nodeset 998 surface 6 #right 
nodeset 997 surface 1 #front
nodeset 996 surface 2 #back
nodeset 995 surface 5 #top
nodeset 994 surface 3 #bottom

#7) export the mesh
#export mesh "/home/arash/thesis-matlab-fem/MatlabTestsPetsc/beam8_8e_l999_r998_6ss.exo" dimension 3 overwrite

export mesh "/home/arash/thesis-matlab-fem/MatlabTestsPetsc/beam27_8e_l999_r998_6ss.exo" dimension 3 overwrite


##############  
#  beam-8-with curve nodeset  #
##############

reset
#1) Create a Cylinder: volume 1
brick x 8 y 1 z 1

#2) Make the entire holed-cylinder into a block.
block 1 volume 1

#3) Choose element type hex8 for the block created
block 1 element type hex8 

#4) 8-elem mesh maker
volume 1 size 1

#5) Mesh the volume created
mesh volume 1

#5.1) Mesh refinement
#refine volume 1 numsplit 1 bias 1.0 depth 1 smooth 

#5.2) Hex27 Meshes if needed
block 1 element type hex27

#6) Specifiy nodesets for boundary
nodeset 999 surface 4 #left
nodeset 998 surface 6 #right 


#7) export the mesh
#export mesh "/home/arash/thesis-matlab-fem/MatlabTestsPetsc/beam8_8e_l999_r998_6ss_old.exo" dimension 3 overwrite

export mesh "/home/arash/thesis-matlab-fem/MatlabTestsPetsc/beam27_8e_l999_r998_6ss_old.exo" dimension 3 overwrite



##############  
#  beam-8 2-elements  #
##############

reset
#1) Create a Cylinder: volume 1
brick x 1 y 1 z 1

#2) Make the entire holed-cylinder into a block.
block 1 volume 1

#3) Choose element type hex8 for the block created
block 1 element type hex8 

#4) 8-elem mesh maker
volume 1 size 1

#5) Mesh the volume created
mesh volume 1

#5.1) Mesh refinement
#refine volume 1 numsplit 1 bias 1.0 depth 1 smooth 

#5.2) Hex27 Meshes if needed
block 1 element type hex27

#6) Specifiy nodesets for boundary
nodeset 999 surface 4 #left
nodeset 998 curve 10 #right 


#7) export the mesh

export mesh "/home/arash/thesis-matlab-fem/MatlabTestsPetsc/beam27_1e_l999_r998_6ss.exo" dimension 3 overwrite
export mesh "/home/arash/thesis-matlab-fem/testRepo/MatlabTestsPetsc/beam27_1e_l999_r998_6ss_old.exo" dimension 3 overwrite

